../Unity/src/unity.c:89:13:UnityPrintChar	16	static
../Unity/src/unity.c:139:6:UnityPrint	24	static
../Unity/src/unity.c:161:6:UnityPrintLen	24	static
../Unity/src/unity.c:199:6:UnityPrintIntNumberByStyle	16	static
../Unity/src/unity.c:246:6:UnityPrintUintNumberByStyle	16	static
../Unity/src/unity.c:261:6:UnityPrintNumber	24	static
../Unity/src/unity.c:276:6:UnityPrintNumberUnsigned	24	static
../Unity/src/unity.c:295:6:UnityPrintNumberHex	24	static
../Unity/src/unity.c:321:6:UnityPrintMask	24	static
../Unity/src/unity.c:356:6:UnityPrintFloat	80	static
../Unity/src/unity.c:528:13:UnityTestResultsBegin	16	static
../Unity/src/unity.c:571:13:UnityTestResultsFailBegin	16	static
../Unity/src/unity.c:579:6:UnityConcludeTest	8	static
../Unity/src/unity.c:603:13:UnityAddMsgIfSpecified	16	static
../Unity/src/unity.c:657:13:UnityPrintFirstStringDifference	24	static
../Unity/src/unity.c:671:13:UnityPrintExpectedAndActualStrings	24	static
../Unity/src/unity.c:699:13:UnityPrintExpectedAndActualStringsLen	24	static
../Unity/src/unity.c:734:12:UnityIsOneArrayNull	24	static
../Unity/src/unity.c:768:6:UnityAssertBits	24	static
../Unity/src/unity.c:789:6:UnityAssertEqualIntNumber	24	static
../Unity/src/unity.c:809:6:UnityAssertEqualUintNumber	24	static
../Unity/src/unity.c:829:6:UnityAssertIntGreaterOrLessOrEqualNumber	32	static
../Unity/src/unity.c:859:6:UnityAssertUintGreaterOrLessOrEqualNumber	32	static
../Unity/src/unity.c:899:6:UnityAssertEqualIntArray	48	static
../Unity/src/unity.c:1043:12:UnityFloatsWithin	32	static
../Unity/src/unity.c:1050:6:UnityAssertWithinFloatArray	56	static
../Unity/src/unity.c:1130:6:UnityAssertFloatsWithin	32	static
../Unity/src/unity.c:1150:6:UnityAssertFloatsNotWithin	32	static
../Unity/src/unity.c:1171:6:UnityAssertGreaterOrLessFloat	40	static
../Unity/src/unity.c:1205:6:UnityAssertFloatSpecial	64	static
../Unity/src/unity.c:1501:6:UnityAssertIntNumbersWithin	24	static
../Unity/src/unity.c:1533:6:UnityAssertUintNumbersWithin	24	static
../Unity/src/unity.c:1566:6:UnityAssertNumbersArrayWithin	48	static
../Unity/src/unity.c:1730:6:UnityAssertEqualString	32	static
../Unity/src/unity.c:1771:6:UnityAssertEqualStringLen	32	static
../Unity/src/unity.c:1813:6:UnityAssertEqualStringArray	48	static
../Unity/src/unity.c:1898:6:UnityAssertNotEqualString	32	static
../Unity/src/unity.c:1950:6:UnityAssertNotEqualStringLen	32	static
../Unity/src/unity.c:2008:6:UnityAssertNotEqualMemory	40	static
../Unity/src/unity.c:2071:6:UnityAssertEqualMemory	40	static
../Unity/src/unity.c:2160:20:UnityNumToPtr	16	static
../Unity/src/unity.c:2186:20:UnityFloatToPtr	16	static
../Unity/src/unity.c:2442:6:UnityFail	16	static
../Unity/src/unity.c:2454:6:UnityIgnore	16	static
../Unity/src/unity.c:2470:6:UnityMessage	16	static
../Unity/src/unity.c:2486:6:UnityDefaultTestRun	24	static
../Unity/src/unity.c:2514:6:UnitySetTestFile	16	static
../Unity/src/unity.c:2520:6:UnityBegin	16	static
../Unity/src/unity.c:2536:5:UnityEnd	8	static
