/Users/motoyuki.kimura/work/ai_can_anomaly_detection/board/lib/detect/detect.h:18:20:detect_clear	16	static
/Users/motoyuki.kimura/work/ai_can_anomaly_detection/board/lib/detect/detect.h:36:20:detect_flagged	24	static
/Users/motoyuki.kimura/work/ai_can_anomaly_detection/board/lib/detect/detect.h:57:20:detect_alarmed	40	static
/Users/motoyuki.kimura/work/ai_can_anomaly_detection/board/lib/moving/moving.h:18:20:moving	16	static
/Users/motoyuki.kimura/work/ai_can_anomaly_detection/board/lib/rules/engine_off.h:7:20:engine_off_nonzero	16	static
/Users/motoyuki.kimura/work/ai_can_anomaly_detection/board/lib/rules/engine_off.h:28:20:engine_off_hits	32	static
/Users/motoyuki.kimura/work/ai_can_anomaly_detection/board/lib/rules/gear_ratio.h:20:20:gear_ratio_in_table	24	static
/Users/motoyuki.kimura/work/ai_can_anomaly_detection/board/lib/rules/gear_ratio.h:33:21:gear_ratio_nearest_gear	32	static
/Users/motoyuki.kimura/work/ai_can_anomaly_detection/board/lib/rules/gear_ratio.h:65:20:gear_ratio_hits	32	static
/Users/motoyuki.kimura/work/ai_can_anomaly_detection/board/lib/rules/pedal_conflict.h:19:20:pedal_conflict_hits	16	static
/Users/motoyuki.kimura/work/ai_can_anomaly_detection/board/lib/rules/range_check.h:44:20:range_check_hits	24	static
/Users/motoyuki.kimura/work/ai_can_anomaly_detection/board/lib/rules/reserved_moving.h:24:20:reserved_moving_hits	32	static
/Users/motoyuki.kimura/work/ai_can_anomaly_detection/board/lib/rules/reverse_speed.h:19:20:reverse_speed_hits	16	static
/Users/motoyuki.kimura/work/ai_can_anomaly_detection/board/lib/rules/shaft_ratio.h:23:20:shaft_ratio_hits	32	static
/Users/motoyuki.kimura/work/ai_can_anomaly_detection/board/lib/rules/speed_agreement.h:19:20:speed_agreement_hits	24	static
/Users/motoyuki.kimura/work/ai_can_anomaly_detection/board/lib/rules/steering_sign.h:21:20:steering_sign_hits	24	static
/Users/motoyuki.kimura/work/ai_can_anomaly_detection/board/lib/rules/stopped_shaft.h:20:20:stopped_shaft_hits	24	static
/Users/motoyuki.kimura/work/ai_can_anomaly_detection/board/lib/rules/rule_hits.h:46:20:rule_hits	16	static
/Users/motoyuki.kimura/work/ai_can_anomaly_detection/board/lib/scoring/scoring_error.h:17:21:scoring_error	40	static
/Users/motoyuki.kimura/work/ai_can_anomaly_detection/board/lib/scoring/scoring.h:33:27:scoring_row	184	static
/Users/motoyuki.kimura/work/ai_can_anomaly_detection/board/lib/can_id/can_id.h:23:21:can_id_decompose	48	static
/Users/motoyuki.kimura/work/ai_can_anomaly_detection/board/lib/spn_decode/spn_decode.h:27:24:spn_decode_extract_le	40	static
/Users/motoyuki.kimura/work/ai_can_anomaly_detection/board/lib/spn_decode/spn_decode.h:56:20:spn_decode	32	static
/Users/motoyuki.kimura/work/ai_can_anomaly_detection/board/lib/signal_state/signal_state.h:35:22:signal_state_slot	24	static
/Users/motoyuki.kimura/work/ai_can_anomaly_detection/board/lib/signal_state/signal_state.h:52:20:signal_state_clear	16	static
/Users/motoyuki.kimura/work/ai_can_anomaly_detection/board/lib/signal_state/signal_state.h:67:20:signal_state_update	32	static
/Users/motoyuki.kimura/work/ai_can_anomaly_detection/board/lib/signal_state/signal_state.h:93:20:signal_state_row	32	static
/Users/motoyuki.kimura/work/ai_can_anomaly_detection/board/lib/signal_state/signal_state.h:117:20:signal_state_ready	24	static
/Users/motoyuki.kimura/work/ai_can_anomaly_detection/board/lib/slots/slots.h:30:20:slots_store	48	static
/Users/motoyuki.kimura/work/ai_can_anomaly_detection/board/application/ai_can_anomaly_detection/usermain.c:71:13:HAL_FDCAN_RxFifo0Callback	80	static
/Users/motoyuki.kimura/work/ai_can_anomaly_detection/board/application/ai_can_anomaly_detection/usermain.c:105:11:can_start	16	static
/Users/motoyuki.kimura/work/ai_can_anomaly_detection/board/application/ai_can_anomaly_detection/usermain.c:122:11:can_send	64	static
/Users/motoyuki.kimura/work/ai_can_anomaly_detection/board/application/ai_can_anomaly_detection/usermain.c:144:12:can_debug_task	32	static
/Users/motoyuki.kimura/work/ai_can_anomaly_detection/board/application/ai_can_anomaly_detection/usermain.c:179:12:tick	16	static
/Users/motoyuki.kimura/work/ai_can_anomaly_detection/board/application/ai_can_anomaly_detection/usermain.c:185:12:preprocess_task	368	static
/Users/motoyuki.kimura/work/ai_can_anomaly_detection/board/application/ai_can_anomaly_detection/usermain.c:241:12:print_score	24	static
/Users/motoyuki.kimura/work/ai_can_anomaly_detection/board/application/ai_can_anomaly_detection/usermain.c:259:12:scoring_and_detect_task	144	static
/Users/motoyuki.kimura/work/ai_can_anomaly_detection/board/application/ai_can_anomaly_detection/usermain.c:305:12:report_task	40	static
/Users/motoyuki.kimura/work/ai_can_anomaly_detection/board/application/ai_can_anomaly_detection/usermain.c:327:12:alive_task	24	static
/Users/motoyuki.kimura/work/ai_can_anomaly_detection/board/application/ai_can_anomaly_detection/usermain.c:362:12:usermain	24	static
